
/home/runner/work/exp-forming-sentences-1-iiith/exp-forming-sentences-1-iiith/experiment/simulation/js/bootstrap.js
    17:3  warning  'jQuery' is not defined                                     no-undef
    77:3  warning  'jQuery' is not defined                                     no-undef
   172:3  warning  'jQuery' is not defined                                     no-undef
   293:3  warning  'jQuery' is not defined                                     no-undef
   531:3  warning  'jQuery' is not defined                                     no-undef
   661:7  warning  Unexpected newline between object and [ of property access  no-unexpected-multiline
   743:3  warning  'jQuery' is not defined                                     no-undef
   909:3  warning  'jQuery' is not defined                                     no-undef
  1247:3  warning  'jQuery' is not defined                                     no-undef
  1762:3  warning  'jQuery' is not defined                                     no-undef
  1871:3  warning  'jQuery' is not defined                                     no-undef
  2044:3  warning  'jQuery' is not defined                                     no-undef
  2200:3  warning  'jQuery' is not defined                                     no-undef
  2363:3  warning  'jQuery' is not defined                                     no-undef

/home/runner/work/exp-forming-sentences-1-iiith/exp-forming-sentences-1-iiith/experiment/simulation/js/bootstrap.min.js
  6:285    warning  'jQuery' is not defined                 no-undef
  6:1041   warning  'jQuery' is not defined                 no-undef
  6:1975   warning  'jQuery' is not defined                 no-undef
  6:3839   warning  'jQuery' is not defined                 no-undef
  6:7882   warning  'jQuery' is not defined                 no-undef
  6:11250  warning  'jQuery' is not defined                 no-undef
  6:13595  warning  'jQuery' is not defined                 no-undef
  6:19576  warning  'jQuery' is not defined                 no-undef
  6:27121  warning  'a' is assigned a value but never used  no-unused-vars
  6:28444  warning  'jQuery' is not defined                 no-undef
  6:30033  warning  'jQuery' is not defined                 no-undef
  7:416    warning  'jQuery' is not defined                 no-undef
  7:2236   warning  'jQuery' is not defined                 no-undef
  7:4649   warning  'jQuery' is not defined                 no-undef

/home/runner/work/exp-forming-sentences-1-iiith/exp-forming-sentences-1-iiith/experiment/simulation/js/jquery-3.7.1.min.js
  2:71     warning  'module' is not defined                                                    no-undef
  2:86     warning  'module' is not defined                                                    no-undef
  2:3270   warning  Expected a conditional expression and instead saw an assignment            no-cond-assign
  2:4597   warning  Unexpected control character(s) in regular expression: \x1f                no-control-regex
  2:6820   warning  Expected a conditional expression and instead saw an assignment            no-cond-assign
  2:7258   warning  Expected a conditional expression and instead saw an assignment            no-cond-assign
  2:9646   warning  Expected a conditional expression and instead saw an assignment            no-cond-assign
  2:11943  warning  Expected a conditional expression and instead saw an assignment            no-cond-assign
  2:13856  warning  Expected a conditional expression and instead saw an assignment            no-cond-assign
  2:14066  warning  Expected a conditional expression and instead saw an assignment            no-cond-assign
  2:14224  warning  Expected a conditional expression and instead saw an assignment            no-cond-assign
  2:14540  warning  Do not access Object.prototype method 'hasOwnProperty' from target object  no-prototype-builtins
  2:15232  warning  Expected a conditional expression and instead saw an assignment            no-cond-assign
  2:15588  warning  Empty block statement                                                      no-empty
  2:17443  warning  Expected a conditional expression and instead saw an assignment            no-cond-assign
  2:17541  warning  Expected a conditional expression and instead saw an assignment            no-cond-assign
  2:17601  warning  Expected a conditional expression and instead saw an assignment            no-cond-assign
  2:17728  warning  Expected a conditional expression and instead saw an assignment            no-cond-assign
  2:18898  warning  Expected a conditional expression and instead saw an assignment            no-cond-assign
  2:19630  warning  Expected a conditional expression and instead saw an assignment            no-cond-assign
  2:19743  warning  Expected a conditional expression and instead saw an assignment            no-cond-assign
  2:21298  warning  Unnecessary escape character: \/                                           no-useless-escape
  2:31055  warning  Empty block statement                                                      no-empty
  2:34816  warning  Unnecessary escape character: \/                                           no-useless-escape
  2:36474  warning  Expected a conditional expression and instead saw an assignment            no-cond-assign
  2:36590  warning  Expected a conditional expression and instead saw an assignment            no-cond-assign
  2:43519  warning  Expected a conditional expression and instead saw an assignment            no-cond-assign
  2:47142  warning  Expected a conditional expression and instead saw an assignment            no-cond-assign
  2:48710  warning  Empty block statement                                                      no-empty
  2:57439  warning  Expected a conditional expression and instead saw an assignment            no-cond-assign
  2:58614  warning  Expected a conditional expression and instead saw an assignment            no-cond-assign
  2:64312  warning  Expected a conditional expression and instead saw an assignment            no-cond-assign
  2:67209  warning  Expected a conditional expression and instead saw an assignment            no-cond-assign
  2:68903  warning  Empty block statement                                                      no-empty
  2:72295  warning  Expected a conditional expression and instead saw an assignment            no-cond-assign
  2:73901  warning  Expected a conditional expression and instead saw an assignment            no-cond-assign
  2:74681  warning  'r.href' is assigned to itself                                             no-self-assign
  2:79557  warning  Empty block statement                                                      no-empty
  2:82697  warning  Expected a conditional expression and instead saw an assignment            no-cond-assign
  2:87218  warning  'define' is not defined                                                    no-undef
  2:87230  warning  'define' is not defined                                                    no-undef

/home/runner/work/exp-forming-sentences-1-iiith/exp-forming-sentences-1-iiith/experiment/simulation/js/jquery.js
  2:71     warning  'module' is not defined                                                    no-undef
  2:86     warning  'module' is not defined                                                    no-undef
  2:5615   warning  Unexpected control character(s) in regular expression: \x1f, \x1f          no-control-regex
  2:6098   warning  Expected a conditional expression and instead saw an assignment            no-cond-assign
  2:6322   warning  Expected a conditional expression and instead saw an assignment            no-cond-assign
  2:6830   warning  Expected a conditional expression and instead saw an assignment            no-cond-assign
  2:7600   warning  Expected a conditional expression and instead saw an assignment            no-cond-assign
  2:9866   warning  Expected a conditional expression and instead saw an assignment            no-cond-assign
  2:10176  warning  Expected a conditional expression and instead saw an assignment            no-cond-assign
  2:12190  warning  Expected a conditional expression and instead saw an assignment            no-cond-assign
  2:12758  warning  Expected a conditional expression and instead saw an assignment            no-cond-assign
  2:12796  warning  Expected a conditional expression and instead saw an assignment            no-cond-assign
  2:13779  warning  Expected a conditional expression and instead saw an assignment            no-cond-assign
  2:14091  warning  Expected a conditional expression and instead saw an assignment            no-cond-assign
  2:15919  warning  Expected a conditional expression and instead saw an assignment            no-cond-assign
  2:16190  warning  Expected a conditional expression and instead saw an assignment            no-cond-assign
  2:16388  warning  Expected a conditional expression and instead saw an assignment            no-cond-assign
  2:16762  warning  Do not access Object.prototype method 'hasOwnProperty' from target object  no-prototype-builtins
  2:17452  warning  Expected a conditional expression and instead saw an assignment            no-cond-assign
  2:19272  warning  Expected a conditional expression and instead saw an assignment            no-cond-assign
  2:19372  warning  Expected a conditional expression and instead saw an assignment            no-cond-assign
  2:19432  warning  Expected a conditional expression and instead saw an assignment            no-cond-assign
  2:19616  warning  Expected a conditional expression and instead saw an assignment            no-cond-assign
  2:20785  warning  Expected a conditional expression and instead saw an assignment            no-cond-assign
  2:22057  warning  Expected a conditional expression and instead saw an assignment            no-cond-assign
  2:22168  warning  Expected a conditional expression and instead saw an assignment            no-cond-assign
  2:24334  warning  Unnecessary escape character: \/                                           no-useless-escape
  2:33946  warning  Empty block statement                                                      no-empty
  2:37691  warning  Unnecessary escape character: \/                                           no-useless-escape
  2:39340  warning  Expected a conditional expression and instead saw an assignment            no-cond-assign
  2:39456  warning  Expected a conditional expression and instead saw an assignment            no-cond-assign
  2:39716  warning  Empty block statement                                                      no-empty
  2:49400  warning  Expected a conditional expression and instead saw an assignment            no-cond-assign
  2:50960  warning  Empty block statement                                                      no-empty
  2:59283  warning  Expected a conditional expression and instead saw an assignment            no-cond-assign
  2:60452  warning  Expected a conditional expression and instead saw an assignment            no-cond-assign
  2:66084  warning  Expected a conditional expression and instead saw an assignment            no-cond-assign
  2:67827  warning  Expected a conditional expression and instead saw an assignment            no-cond-assign
  2:67893  warning  Expected a conditional expression and instead saw an assignment            no-cond-assign
  2:68197  warning  Expected a conditional expression and instead saw an assignment            no-cond-assign
  2:68263  warning  Expected a conditional expression and instead saw an assignment            no-cond-assign
  2:68670  warning  Expected a conditional expression and instead saw an assignment            no-cond-assign
  2:68947  warning  Expected a conditional expression and instead saw an assignment            no-cond-assign
  2:74372  warning  Expected a conditional expression and instead saw an assignment            no-cond-assign
  2:75966  warning  Expected a conditional expression and instead saw an assignment            no-cond-assign
  2:76746  warning  'r.href' is assigned to itself                                             no-self-assign
  2:81551  warning  Empty block statement                                                      no-empty
  2:84667  warning  Expected a conditional expression and instead saw an assignment            no-cond-assign
  2:89180  warning  'define' is not defined                                                    no-undef
  2:89192  warning  'define' is not defined                                                    no-undef

/home/runner/work/exp-forming-sentences-1-iiith/exp-forming-sentences-1-iiith/experiment/simulation/js/key_sharing.js
   3:2   warning  Mixed spaces and tabs                      no-mixed-spaces-and-tabs
   4:2   warning  Mixed spaces and tabs                      no-mixed-spaces-and-tabs
   5:2   warning  Mixed spaces and tabs                      no-mixed-spaces-and-tabs
   6:2   warning  Mixed spaces and tabs                      no-mixed-spaces-and-tabs
  22:10  warning  'nextPrime' is defined but never used      no-unused-vars
  29:10  warning  'nextGenerator' is defined but never used  no-unused-vars
  35:10  warning  'nextKeyA' is defined but never used       no-unused-vars
  39:10  warning  'calculateGA' is defined but never used    no-unused-vars
  44:10  warning  'sendA' is defined but never used          no-unused-vars
  48:10  warning  'calculateGAB' is defined but never used   no-unused-vars
  54:10  warning  'nextKeyB' is defined but never used       no-unused-vars
  58:10  warning  'calculateGB' is defined but never used    no-unused-vars
  63:10  warning  'sendB' is defined but never used          no-unused-vars
  67:10  warning  'calculateGBA' is defined but never used   no-unused-vars

/home/runner/work/exp-forming-sentences-1-iiith/exp-forming-sentences-1-iiith/experiment/simulation/js/main.js
   5:5   warning  'turn' is assigned a value but never used       no-unused-vars
  37:10  warning  'initializeExercise' is defined but never used  no-unused-vars

/home/runner/work/exp-forming-sentences-1-iiith/exp-forming-sentences-1-iiith/experiment/simulation/js/vernam.js
    4:10  warning  'validKey' is defined but never used                  no-unused-vars
    5:5   warning  'key' is not defined                                  no-undef
    7:16  warning  'key' is not defined                                  no-undef
    8:6   warning  'key' is not defined                                  no-undef
    8:30  warning  'key' is not defined                                  no-undef
    9:1   warning  Mixed spaces and tabs                                 no-mixed-spaces-and-tabs
   12:14  warning  'key' is not defined                                  no-undef
   29:10  warning  'EQV' is defined but never used                       no-unused-vars
   53:10  warning  'Vernam_Encrypt' is defined but never used            no-unused-vars
   54:5   warning  'plaintext' is not defined                            no-undef
   55:5   warning  'key' is not defined                                  no-undef
   56:8   warning  'plaintext' is not defined                            no-undef
   57:8   warning  'key' is not defined                                  no-undef
   57:21  warning  'plaintext' is not defined                            no-undef
   58:5   warning  'ciphertext' is not defined                           no-undef
   59:9   warning  'i' is not defined                                    no-undef
   59:14  warning  'i' is not defined                                    no-undef
   59:16  warning  'plaintext' is not defined                            no-undef
   59:34  warning  'i' is not defined                                    no-undef
   60:9   warning  'ciphertext' is not defined                           no-undef
   60:27  warning  'plaintext' is not defined                            no-undef
   60:44  warning  'i' is not defined                                    no-undef
   60:48  warning  'key' is not defined                                  no-undef
   60:59  warning  'i' is not defined                                    no-undef
   62:42  warning  'ciphertext' is not defined                           no-undef
   65:10  warning  'Vernam_Decrypt' is defined but never used            no-unused-vars
   65:25  warning  'f' is defined but never used                         no-unused-vars
   66:5   warning  'ciphertext' is not defined                           no-undef
   67:5   warning  'key' is not defined                                  no-undef
   68:8   warning  'ciphertext' is not defined                           no-undef
   69:8   warning  'key' is not defined                                  no-undef
   69:21  warning  'ciphertext' is not defined                           no-undef
   70:5   warning  'plaintext' is not defined                            no-undef
   71:9   warning  'i' is not defined                                    no-undef
   71:14  warning  'i' is not defined                                    no-undef
   71:16  warning  'ciphertext' is not defined                           no-undef
   71:35  warning  'i' is not defined                                    no-undef
   72:9   warning  'plaintext' is not defined                            no-undef
   72:26  warning  'ciphertext' is not defined                           no-undef
   72:44  warning  'i' is not defined                                    no-undef
   72:48  warning  'key' is not defined                                  no-undef
   72:59  warning  'i' is not defined                                    no-undef
   74:42  warning  'plaintext' is not defined                            no-undef
   79:5   warning  'ret' is not defined                                  no-undef
   80:9   warning  'i' is not defined                                    no-undef
   80:14  warning  'i' is not defined                                    no-undef
   80:24  warning  'i' is not defined                                    no-undef
   81:9   warning  'ret' is not defined                                  no-undef
   83:12  warning  'ret' is not defined                                  no-undef
   88:9   warning  'i' is not defined                                    no-undef
   88:13  warning  'i' is not defined                                    no-undef
   88:26  warning  'i' is not defined                                    no-undef
   89:24  warning  'i' is not defined                                    no-undef
   90:1   warning  Mixed spaces and tabs                                 no-mixed-spaces-and-tabs
   93:1   warning  Mixed spaces and tabs                                 no-mixed-spaces-and-tabs
   99:10  warning  'Vernam_RandKey' is defined but never used            no-unused-vars
  100:5   warning  'plaintext' is not defined                            no-undef
  101:5   warning  'ciphertext' is not defined                           no-undef
  103:9   warning  'plaintext' is not defined                            no-undef
  103:28  warning  'ciphertext' is not defined                           no-undef
  104:11  warning  'plaintext' is not defined                            no-undef
  107:11  warning  'ciphertext' is not defined                           no-undef
  112:10  warning  'equalProbabilitySequence' is defined but never used  no-unused-vars
  113:5   warning  'randomSeq' is not defined                            no-undef
  114:5   warning  'equalProbSeq' is not defined                         no-undef
  114:41  warning  'randomSeq' is not defined                            no-undef
  115:5   warning  'seq' is not defined                                  no-undef
  116:9   warning  'i' is not defined                                    no-undef
  116:13  warning  'i' is not defined                                    no-undef
  116:19  warning  'i' is not defined                                    no-undef
  117:2   warning  'seq' is not defined                                  no-undef
  117:9   warning  'equalProbSeq' is not defined                         no-undef
  117:29  warning  'i' is not defined                                    no-undef
  119:12  warning  'seq' is not defined                                  no-undef
  124:9   warning  'i' is not defined                                    no-undef
  124:13  warning  'i' is not defined                                    no-undef
  124:30  warning  'i' is not defined                                    no-undef
  125:24  warning  'i' is not defined                                    no-undef
  158:1   warning  Mixed spaces and tabs                                 no-mixed-spaces-and-tabs
  161:1   warning  Mixed spaces and tabs                                 no-mixed-spaces-and-tabs
  172:10  warning  'next_plain_text' is defined but never used           no-unused-vars
  176:10  warning  'next_key' is defined but never used                  no-unused-vars
  177:5   warning  'key_len' is not defined                              no-undef
  178:72  warning  'key_len' is not defined                              no-undef
  181:10  warning  'check_key' is defined but never used                 no-unused-vars
  189:10  warning  'i' is not defined                                    no-undef
  189:14  warning  'i' is not defined                                    no-undef
  189:27  warning  'i' is not defined                                    no-undef
  190:17  warning  'i' is not defined                                    no-undef
  191:1   warning  Mixed spaces and tabs                                 no-mixed-spaces-and-tabs
  192:24  warning  'i' is not defined                                    no-undef
  193:1   warning  Mixed spaces and tabs                                 no-mixed-spaces-and-tabs
  195:1   warning  Mixed spaces and tabs                                 no-mixed-spaces-and-tabs
  196:4   warning  Mixed spaces and tabs                                 no-mixed-spaces-and-tabs
  206:10  warning  'Encrypt_p' is defined but never used                 no-unused-vars
  215:10  warning  'Next_Vernam_Test' is defined but never used          no-unused-vars
  217:5   warning  'key_len' is not defined                              no-undef
  218:72  warning  'key_len' is not defined                              no-undef
  238:1   warning  Mixed spaces and tabs                                 no-mixed-spaces-and-tabs
  245:6   warning  'temp_binary_num' is already defined                  no-redeclare
  248:1   warning  Mixed spaces and tabs                                 no-mixed-spaces-and-tabs
  255:10  warning  'generate_all_pairs' is defined but never used        no-unused-vars
  269:2   warning  'crypted_text' is not defined                         no-undef
  270:44  warning  'crypted_text' is not defined                         no-undef
  275:10  warning  'checkAnswer' is defined but never used               no-unused-vars

/home/runner/work/exp-forming-sentences-1-iiith/exp-forming-sentences-1-iiith/experiment/simulation/vendors/owl-carousel/owl.carousel.js
  12:10  warning  'dragMove' is defined but never used                                       no-unused-vars
  12:27  warning  'dragEnd' is defined but never used                                        no-unused-vars
  12:43  warning  '$' is defined but never used                                              no-unused-vars
  12:54  warning  'alert' is already defined as a built-in global variable                   no-redeclare
  12:54  warning  'alert' is defined but never used                                          no-unused-vars
  12:61  warning  'window' is already defined as a built-in global variable                  no-redeclare
  12:69  warning  'document' is already defined as a built-in global variable                no-redeclare
  44:38  warning  Do not access Object.prototype method 'hasOwnProperty' from target object  no-prototype-builtins

✖ 248 problems (0 errors, 248 warnings)

